// Jest Snapshot v1, https://goo.gl/fbAQLP

exports[`Widget withu props 1`] = `
<div>
  <h3>
    BTC - USD
  </h3>
  <div
    className="rates"
  >
    <span
      className="up rate"
    >
      $
      30
    </span>
     
    <span
      className="up diff"
    >
      (
      200
      %)
    </span>
  </div>
  <svg
    className="svg"
    height={100}
    width={220}
  >
    <path
      d="M 0 100 L 0 0 L 110 50 L 220 100 L 220 100 z"
      fill="#daa49d"
      stroke="#a22921"
      strokeWidth={2}
    />
  </svg>
</div>
`;
